L 08/25/2025 - 22:55:14: SourceMod log file session started (file "c:\program files (x86)\steam\steamapps\content\app_240\css_20210702\cstrike\addons\sourcemod\logs\L20250825.log") (Version "1.12.0.7210")
L 08/25/2025 - 22:55:14: [UPDATER] Successfully updated gamedata file "sm-tf2.games.txt"
L 08/25/2025 - 22:55:14: [UPDATER] Successfully updated gamedata file "sm-cstrike.games/game.css.txt"
L 08/25/2025 - 22:55:14: [UPDATER] Successfully updated gamedata file "sdktools.games/game.cspromod.txt"
L 08/25/2025 - 22:55:14: [UPDATER] Successfully updated gamedata file "sdktools.games/engine.l4d2.txt"
L 08/25/2025 - 22:55:14: [UPDATER] Successfully updated gamedata file "sdktools.games/game.ff.txt"
L 08/25/2025 - 22:55:14: [UPDATER] Successfully updated gamedata file "sdktools.games/game.synergy.txt"
L 08/25/2025 - 22:55:14: [UPDATER] Successfully updated gamedata file "sdktools.games/game.ship.txt"
L 08/25/2025 - 22:55:14: [UPDATER] Successfully updated gamedata file "sdktools.games/engine.mcv.txt"
L 08/25/2025 - 22:55:14: [UPDATER] Successfully updated gamedata file "sdktools.games/engine.eye.txt"
L 08/25/2025 - 22:55:14: [UPDATER] Successfully updated gamedata file "sdktools.games/game.dod.txt"
L 08/25/2025 - 22:55:14: [UPDATER] Successfully updated gamedata file "sdktools.games/engine.sdk2013.txt"
L 08/25/2025 - 22:55:14: [UPDATER] Successfully updated gamedata file "sdktools.games/game.hl2mp.txt"
L 08/25/2025 - 22:55:14: [UPDATER] Successfully updated gamedata file "sdktools.games/game.cstrike.txt"
L 08/25/2025 - 22:55:14: [UPDATER] Successfully updated gamedata file "sdktools.games/game.openfortress.txt"
L 08/25/2025 - 22:55:14: [UPDATER] Successfully updated gamedata file "sdktools.games/engine.pvkii.txt"
L 08/25/2025 - 22:55:14: [UPDATER] Successfully updated gamedata file "sdktools.games/engine.darkm.txt"
L 08/25/2025 - 22:55:14: [UPDATER] Successfully updated gamedata file "sdktools.games/game.nucleardawn.txt"
L 08/25/2025 - 22:55:14: [UPDATER] Successfully updated gamedata file "sdktools.games/game.doi.txt"
L 08/25/2025 - 22:55:14: [UPDATER] Successfully updated gamedata file "sdktools.games/engine.csgo.txt"
L 08/25/2025 - 22:55:14: [UPDATER] Successfully updated gamedata file "sdktools.games/game.sourceforts.txt"
L 08/25/2025 - 22:55:14: [UPDATER] Successfully updated gamedata file "sdktools.games/engine.ep1.txt"
L 08/25/2025 - 22:55:14: [UPDATER] Successfully updated gamedata file "sdktools.games/game.gesource.txt"
L 08/25/2025 - 22:55:14: [UPDATER] Successfully updated gamedata file "sdktools.games/game.alienswarm.txt"
L 08/25/2025 - 22:55:14: [UPDATER] Successfully updated gamedata file "sdktools.games/game.rnlbeta.txt"
L 08/25/2025 - 22:55:14: [UPDATER] Successfully updated gamedata file "sdktools.games/engine.insurgency.txt"
L 08/25/2025 - 22:55:14: [UPDATER] Successfully updated gamedata file "sdktools.games/game.reactivedrop.txt"
L 08/25/2025 - 22:55:14: [UPDATER] Successfully updated gamedata file "sdktools.games/game.dinodday.txt"
L 08/25/2025 - 22:55:14: [UPDATER] Successfully updated gamedata file "sdktools.games/game.insurgency.txt"
L 08/25/2025 - 22:55:14: [UPDATER] Successfully updated gamedata file "sdktools.games/game.hidden.txt"
L 08/25/2025 - 22:55:14: [UPDATER] Successfully updated gamedata file "sdktools.games/game.esmod.txt"
L 08/25/2025 - 22:55:14: [UPDATER] Successfully updated gamedata file "sdktools.games/game.pf2.txt"
L 08/25/2025 - 22:55:14: [UPDATER] Successfully updated gamedata file "sdktools.games/game.ag2.txt"
L 08/25/2025 - 22:55:14: [UPDATER] Successfully updated gamedata file "sdktools.games/game.zm.txt"
L 08/25/2025 - 22:55:14: [UPDATER] Successfully updated gamedata file "sdktools.games/game.gmod9.txt"
L 08/25/2025 - 22:55:14: [UPDATER] Successfully updated gamedata file "sdktools.games/game.bg2.txt"
L 08/25/2025 - 22:55:14: [UPDATER] Successfully updated gamedata file "sdktools.games/engine.l4d.txt"
L 08/25/2025 - 22:55:14: [UPDATER] Successfully updated gamedata file "sdktools.games/engine.swarm.txt"
L 08/25/2025 - 22:55:14: [UPDATER] Successfully updated gamedata file "sdktools.games/game.aoc.txt"
L 08/25/2025 - 22:55:14: [UPDATER] Successfully updated gamedata file "sdktools.games/game.zpanic.txt"
L 08/25/2025 - 22:55:14: [UPDATER] Successfully updated gamedata file "sdktools.games/engine.ep2valve.txt"
L 08/25/2025 - 22:55:14: [UPDATER] Successfully updated gamedata file "sdktools.games/game.hl1mp.txt"
L 08/25/2025 - 22:55:14: [UPDATER] Successfully updated gamedata file "sdktools.games/engine.css.txt"
L 08/25/2025 - 22:55:14: [UPDATER] Successfully updated gamedata file "sdktools.games/game.nmrih.txt"
L 08/25/2025 - 22:55:14: [UPDATER] Successfully updated gamedata file "sdktools.games/master.games.txt"
L 08/25/2025 - 22:55:14: [UPDATER] Successfully updated gamedata file "sdktools.games/game.empires.txt"
L 08/25/2025 - 22:55:14: [UPDATER] Successfully updated gamedata file "sdktools.games/game.obsidian.txt"
L 08/25/2025 - 22:55:14: [UPDATER] Successfully updated gamedata file "sdktools.games/engine.blade.txt"
L 08/25/2025 - 22:55:14: [UPDATER] Successfully updated gamedata file "sdktools.games/game.fof.txt"
L 08/25/2025 - 22:55:14: [UPDATER] Successfully updated gamedata file "sdktools.games/game.pvkii.txt"
L 08/25/2025 - 22:55:14: [UPDATER] Successfully updated gamedata file "sdktools.games/game.dystopia.txt"
L 08/25/2025 - 22:55:14: [UPDATER] Successfully updated gamedata file "sdktools.games/game.modularcombat.txt"
L 08/25/2025 - 22:55:14: [UPDATER] Successfully updated gamedata file "sdktools.games/game.left4dead2.txt"
L 08/25/2025 - 22:55:14: [UPDATER] Successfully updated gamedata file "sdktools.games/engine.contagion.txt"
L 08/25/2025 - 22:55:14: [UPDATER] Successfully updated gamedata file "sdktools.games/game.neotokyo.txt"
L 08/25/2025 - 22:55:14: [UPDATER] Successfully updated gamedata file "sdktools.games/game.kz.txt"
L 08/25/2025 - 22:55:14: [UPDATER] Successfully updated gamedata file "sdktools.games/game.tf2classic.txt"
L 08/25/2025 - 22:55:14: [UPDATER] Successfully updated gamedata file "sdktools.games/game.fas.txt"
L 08/25/2025 - 22:55:14: [UPDATER] Successfully updated gamedata file "sdktools.games/engine.ep2.txt"
L 08/25/2025 - 22:55:14: [UPDATER] Successfully updated gamedata file "sdktools.games/engine.bgt.txt"
L 08/25/2025 - 22:55:14: [UPDATER] Successfully updated gamedata file "sdkhooks.games/game.cspromod.txt"
L 08/25/2025 - 22:55:14: [UPDATER] Successfully updated gamedata file "sdkhooks.games/game.ff.txt"
L 08/25/2025 - 22:55:14: [UPDATER] Successfully updated gamedata file "sdkhooks.games/game.synergy.txt"
L 08/25/2025 - 22:55:14: [UPDATER] Successfully updated gamedata file "sdkhooks.games/engine.mcv.txt"
L 08/25/2025 - 22:55:14: [UPDATER] Successfully updated gamedata file "sdkhooks.games/engine.ep2v.txt"
L 08/25/2025 - 22:55:14: [UPDATER] Successfully updated gamedata file "sdkhooks.games/game.openfortress.txt"
L 08/25/2025 - 22:55:14: [UPDATER] Successfully updated gamedata file "sdkhooks.games/engine.darkm.txt"
L 08/25/2025 - 22:55:14: [UPDATER] Successfully updated gamedata file "sdkhooks.games/game.nucleardawn.txt"
L 08/25/2025 - 22:55:14: [UPDATER] Successfully updated gamedata file "sdkhooks.games/game.doi.txt"
L 08/25/2025 - 22:55:14: [UPDATER] Successfully updated gamedata file "sdkhooks.games/engine.csgo.txt"
L 08/25/2025 - 22:55:14: [UPDATER] Successfully updated gamedata file "sdkhooks.games/game.sourceforts.txt"
L 08/25/2025 - 22:55:14: [UPDATER] Successfully updated gamedata file "sdkhooks.games/game.gesource.txt"
L 08/25/2025 - 22:55:14: [UPDATER] Successfully updated gamedata file "sdkhooks.games/game.alienswarm.txt"
L 08/25/2025 - 22:55:14: [UPDATER] Successfully updated gamedata file "sdkhooks.games/game.sgtls.txt"
L 08/25/2025 - 22:55:14: [UPDATER] Successfully updated gamedata file "sdkhooks.games/engine.insurgency.txt"
L 08/25/2025 - 22:55:14: [UPDATER] Successfully updated gamedata file "sdkhooks.games/game.reactivedrop.txt"
L 08/25/2025 - 22:55:14: [UPDATER] Successfully updated gamedata file "sdkhooks.games/game.dinodday.txt"
L 08/25/2025 - 22:55:14: [UPDATER] Successfully updated gamedata file "sdkhooks.games/game.insurgency.txt"
L 08/25/2025 - 22:55:14: [UPDATER] Successfully updated gamedata file "sdkhooks.games/game.hidden.txt"
L 08/25/2025 - 22:55:14: [UPDATER] Successfully updated gamedata file "sdkhooks.games/game.pf2.txt"
L 08/25/2025 - 22:55:14: [UPDATER] Successfully updated gamedata file "sdkhooks.games/game.ag2.txt"
L 08/25/2025 - 22:55:14: [UPDATER] Successfully updated gamedata file "sdkhooks.games/game.zm.txt"
L 08/25/2025 - 22:55:14: [UPDATER] Successfully updated gamedata file "sdkhooks.games/game.l4d2.txt"
L 08/25/2025 - 22:55:14: [UPDATER] Successfully updated gamedata file "sdkhooks.games/game.gmod9.txt"
L 08/25/2025 - 22:55:14: [UPDATER] Successfully updated gamedata file "sdkhooks.games/engine.l4d.txt"
L 08/25/2025 - 22:55:14: [UPDATER] Successfully updated gamedata file "sdkhooks.games/game.aoc.txt"
L 08/25/2025 - 22:55:14: [UPDATER] Successfully updated gamedata file "sdkhooks.games/game.zpanic.txt"
L 08/25/2025 - 22:55:14: [UPDATER] Successfully updated gamedata file "sdkhooks.games/game.hl1mp.txt"
L 08/25/2025 - 22:55:14: [UPDATER] Successfully updated gamedata file "sdkhooks.games/game.nmrih.txt"
L 08/25/2025 - 22:55:14: [UPDATER] Successfully updated gamedata file "sdkhooks.games/master.games.txt"
L 08/25/2025 - 22:55:14: [UPDATER] Successfully updated gamedata file "sdkhooks.games/game.empires.txt"
L 08/25/2025 - 22:55:14: [UPDATER] Successfully updated gamedata file "sdkhooks.games/engine.blade.txt"
L 08/25/2025 - 22:55:14: [UPDATER] Successfully updated gamedata file "sdkhooks.games/game.dystopia.txt"
L 08/25/2025 - 22:55:14: [UPDATER] Successfully updated gamedata file "sdkhooks.games/game.modularcombat.txt"
L 08/25/2025 - 22:55:14: [UPDATER] Successfully updated gamedata file "sdkhooks.games/engine.contagion.txt"
L 08/25/2025 - 22:55:14: [UPDATER] Successfully updated gamedata file "sdkhooks.games/game.neotokyo.txt"
L 08/25/2025 - 22:55:14: [UPDATER] Successfully updated gamedata file "sdkhooks.games/game.kz.txt"
L 08/25/2025 - 22:55:14: [UPDATER] Successfully updated gamedata file "sdkhooks.games/game.tf2classic.txt"
L 08/25/2025 - 22:55:14: [UPDATER] Successfully updated gamedata file "core.games/engine.pvkii.txt"
L 08/25/2025 - 22:55:14: [UPDATER] Successfully updated gamedata file "core.games/engine.bms.txt"
L 08/25/2025 - 22:55:14: [UPDATER] Successfully updated gamedata file "core.games/game.gmod9.txt"
L 08/25/2025 - 22:55:14: [UPDATER] Successfully updated gamedata file "core.games/master.games.txt"
L 08/25/2025 - 22:55:14: [UPDATER] SourceMod has been updated, please reload it or restart your server.
L 08/25/2025 - 22:55:34: -------- Mapchange to rooftops --------
L 08/25/2025 - 23:23:33: Log file closed.
